// Vitest Snapshot v1

exports[`GoogleMapsIFrame > mounted component should match snapshot 1`] = `
<div
  class="iframe-container"
  data-v-a826f365=""
>
  <iframe
    data-v-a826f365=""
    frameborder="0"
    height="600"
    marginheight="0"
    marginwidth="0"
    scrolling="no"
    src="https://maps.google.com/maps?q=123,321&z=14&output=embed"
    width="800"
  >
    
    
  </iframe>
</div>
`;
